---
source: crates/java-syntax/tests/lexer_snapshots.rs
expression: out
---
SOURCE:
// hidden comment \u000A int x = 1;
TOKENS:
LINE_COMMENT "// hidden comment "
WHITESPACE "\n "
INT_KW "int"
WHITESPACE " "
IDENTIFIER "x"
WHITESPACE " "
EQUAL "="
WHITESPACE " "
NUMBER_LIT "1"
SEMICOLON ";"

LEX_ERRORS:
<none>
