---
source: crates/java-syntax/tests/lexer_snapshots.rs
expression: out
---
SOURCE:
// normal comment  int z = 3;
TOKENS:
LINE_COMMENT "// normal comment "
WHITESPACE "\r "
INT_KW "int"
WHITESPACE " "
IDENTIFIER "z"
WHITESPACE " "
EQUAL "="
WHITESPACE " "
INTEGER_LITERAL "3"
SEMICOLON ";"
EOF ""

LEX_ERRORS:
<none>
