---
source: crates/java-syntax/tests/lexer_snapshots.rs
expression: out
---
SOURCE:
int \u006 = 1;
TOKENS:
INT_KW "int"
WHITESPACE " "
UNKNOWN "\\"
IDENTIFIER "u006"
WHITESPACE " "
EQUAL "="
WHITESPACE " "
INTEGER_LITERAL "1"
SEMICOLON ";"

LEX_ERRORS:
LexicalError { kind: UnexpectedChar('\\'), range: 4..5 }
LexicalError { kind: InvalidUnicodeEscape, range: 4..10 }
