---
source: crates/java-syntax/tests/lexer_snapshots.rs
expression: out
---
SOURCE:
1.23 .5 10. 3.14f 6.022e23 1e-9d
TOKENS:
NUMBER_LIT "1.23"
WHITESPACE " "
NUMBER_LIT ".5"
WHITESPACE " "
NUMBER_LIT "10."
WHITESPACE " "
NUMBER_LIT "3.14f"
WHITESPACE " "
NUMBER_LIT "6.022e23"
WHITESPACE " "
NUMBER_LIT "1e-9d"

LEX_ERRORS:
<none>
