---
source: crates/java-syntax/tests/parser_snapshots.rs
expression: out
---
SOURCE:
record R(int x) { int y; void f() {} }
TOKENS:
IDENTIFIER "record"
WHITESPACE " "
IDENTIFIER "R"
L_PAREN "("
INT_KW "int"
WHITESPACE " "
IDENTIFIER "x"
R_PAREN ")"
WHITESPACE " "
L_BRACE "{"
WHITESPACE " "
INT_KW "int"
WHITESPACE " "
IDENTIFIER "y"
SEMICOLON ";"
WHITESPACE " "
VOID_KW "void"
WHITESPACE " "
IDENTIFIER "f"
L_PAREN "("
R_PAREN ")"
WHITESPACE " "
L_BRACE "{"
R_BRACE "}"
WHITESPACE " "
R_BRACE "}"

LEX_ERRORS:
<none>

SYNTAX_TREE:
ROOT
  RECORD_DECL
    MODIFIER_LIST
    IDENTIFIER "record"
    WHITESPACE " "
    IDENTIFIER "R"
    FORMAL_PARAMETERS
      L_PAREN "("
      FORMAL_PARAMETER
        MODIFIER_LIST
        TYPE
          INT_KW "int"
        WHITESPACE " "
        IDENTIFIER "x"
      R_PAREN ")"
    RECORD_BODY
      WHITESPACE " "
      L_BRACE "{"
      FIELD_DECL
        MODIFIER_LIST
        TYPE
          WHITESPACE " "
          INT_KW "int"
        VARIABLE_DECLARATOR_LIST
          VARIABLE_DECLARATOR
            WHITESPACE " "
            IDENTIFIER "y"
        SEMICOLON ";"
      METHOD_DECL
        MODIFIER_LIST
        WHITESPACE " "
        VOID_KW "void"
        WHITESPACE " "
        IDENTIFIER "f"
        FORMAL_PARAMETERS
          L_PAREN "("
          R_PAREN ")"
        BLOCK
          WHITESPACE " "
          L_BRACE "{"
          R_BRACE "}"
      WHITESPACE " "
      R_BRACE "}"
