---
source: crates/java-syntax/tests/parser_snapshots.rs
expression: out
---
SOURCE:
class Test {
    void func() {
        String _;
    }
}

TOKENS:
CLASS_KW "class"
WHITESPACE " "
IDENTIFIER "Test"
WHITESPACE " "
L_BRACE "{"
WHITESPACE "\n    "
VOID_KW "void"
WHITESPACE " "
IDENTIFIER "func"
L_PAREN "("
R_PAREN ")"
WHITESPACE " "
L_BRACE "{"
WHITESPACE "\n        "
IDENTIFIER "String"
WHITESPACE " "
UNDERSCORE "_"
SEMICOLON ";"
WHITESPACE "\n    "
R_BRACE "}"
WHITESPACE "\n"
R_BRACE "}"
WHITESPACE "\n"
EOF ""

LEX_ERRORS:
<none>

SYNTAX_TREE:
ROOT@0..57
  CLASS_DECL@0..56
    CLASS_KW@0..5 "class"
    WHITESPACE@5..6 " "
    IDENTIFIER@6..10 "Test"
    CLASS_BODY@10..56
      WHITESPACE@10..11 " "
      L_BRACE@11..12 "{"
      METHOD_DECL@12..54
        WHITESPACE@12..17 "\n    "
        VOID_KW@17..21 "void"
        WHITESPACE@21..22 " "
        IDENTIFIER@22..26 "func"
        FORMAL_PARAMETERS@26..28
          L_PAREN@26..27 "("
          R_PAREN@27..28 ")"
        BLOCK@28..54
          WHITESPACE@28..29 " "
          L_BRACE@29..30 "{"
          LOCAL_VARIABLE_DECLARATION_STMT@30..48
            WHITESPACE@30..39 "\n        "
            LOCAL_VARIABLE_DECLARATION@39..47
              TYPE@39..45
                QUALIFIED_NAME@39..45
                  IDENTIFIER@39..45 "String"
              VARIABLE_DECLARATOR_LIST@45..47
                WHITESPACE@45..46 " "
                VARIABLE_DECLARATOR@46..47
                  UNDERSCORE@46..47 "_"
            SEMICOLON@47..48 ";"
          WHITESPACE@48..53 "\n    "
          R_BRACE@53..54 "}"
      WHITESPACE@54..55 "\n"
      R_BRACE@55..56 "}"
  WHITESPACE@56..57 "\n"
