---
source: crates/java-syntax/tests/parser_snapshots.rs
expression: out
---
SOURCE:
public class A<A, B> {}
TOKENS:
PUBLIC_KW "public"
WHITESPACE " "
CLASS_KW "class"
WHITESPACE " "
IDENTIFIER "A"
LESS "<"
IDENTIFIER "A"
COMMA ","
WHITESPACE " "
IDENTIFIER "B"
GREATER ">"
WHITESPACE " "
L_BRACE "{"
R_BRACE "}"

LEX_ERRORS:
<none>

SYNTAX_TREE:
ROOT
  CLASS_DECL
    MODIFIER_LIST
      PUBLIC_KW "public"
    WHITESPACE " "
    CLASS_KW "class"
    WHITESPACE " "
    IDENTIFIER "A"
    TYPE_PARAMETERS
      LESS "<"
      TYPE_PARAMETER
        IDENTIFIER "A"
      COMMA ","
      TYPE_PARAMETER
        WHITESPACE " "
        IDENTIFIER "B"
      GREATER ">"
    CLASS_BODY
      WHITESPACE " "
      L_BRACE "{"
      R_BRACE "}"
