---
source: crates/java-syntax/tests/parser_snapshots.rs
expression: out
---
SOURCE:
class A<T extends Number> {}
TOKENS:
CLASS_KW "class"
WHITESPACE " "
IDENTIFIER "A"
LESS "<"
IDENTIFIER "T"
WHITESPACE " "
EXTENDS_KW "extends"
WHITESPACE " "
IDENTIFIER "Number"
GREATER ">"
WHITESPACE " "
L_BRACE "{"
R_BRACE "}"

LEX_ERRORS:
<none>

SYNTAX_TREE:
ROOT
  CLASS_DECL
    MODIFIER_LIST
    CLASS_KW "class"
    WHITESPACE " "
    IDENTIFIER "A"
    TYPE_PARAMETERS
      LESS "<"
      TYPE_PARAMETER
        IDENTIFIER "T"
        TYPE_BOUND
          WHITESPACE " "
          EXTENDS_KW "extends"
          TYPE
            WHITESPACE " "
            IDENTIFIER "Number"
      GREATER ">"
    CLASS_BODY
      WHITESPACE " "
      L_BRACE "{"
      R_BRACE "}"
