---
source: crates/java-syntax/tests/parser_snapshots.rs
expression: out
---
SOURCE:
class A { Map<K, V> map; }
TOKENS:
CLASS_KW "class"
WHITESPACE " "
IDENTIFIER "A"
WHITESPACE " "
L_BRACE "{"
WHITESPACE " "
IDENTIFIER "Map"
LESS "<"
IDENTIFIER "K"
COMMA ","
WHITESPACE " "
IDENTIFIER "V"
GREATER ">"
WHITESPACE " "
IDENTIFIER "map"
SEMICOLON ";"
WHITESPACE " "
R_BRACE "}"

LEX_ERRORS:
<none>

SYNTAX_TREE:
ROOT
  CLASS_DECL
    MODIFIER_LIST
    CLASS_KW "class"
    WHITESPACE " "
    IDENTIFIER "A"
    CLASS_BODY
      WHITESPACE " "
      L_BRACE "{"
      FIELD_DECL
        MODIFIER_LIST
        TYPE
          WHITESPACE " "
          IDENTIFIER "Map"
          TYPE_ARGUMENTS
            LESS "<"
            TYPE_ARGUMENT
              TYPE
                IDENTIFIER "K"
            COMMA ","
            TYPE_ARGUMENT
              TYPE
                WHITESPACE " "
                IDENTIFIER "V"
            GREATER ">"
        VARIABLE_DECLARATOR_LIST
          VARIABLE_DECLARATOR
            WHITESPACE " "
            IDENTIFIER "map"
        SEMICOLON ";"
      WHITESPACE " "
      R_BRACE "}"
