---
source: crates/java-syntax/tests/parser_snapshots.rs
expression: out
---
SOURCE:
class Test {
    void func() {
        String[] strings;
        for (String s: ) {}
    }
}

TOKENS:
CLASS_KW "class"
WHITESPACE " "
IDENTIFIER "Test"
WHITESPACE " "
L_BRACE "{"
WHITESPACE "\n    "
VOID_KW "void"
WHITESPACE " "
IDENTIFIER "func"
L_PAREN "("
R_PAREN ")"
WHITESPACE " "
L_BRACE "{"
WHITESPACE "\n        "
IDENTIFIER "String"
L_BRACKET "["
R_BRACKET "]"
WHITESPACE " "
IDENTIFIER "strings"
SEMICOLON ";"
WHITESPACE "\n        "
FOR_KW "for"
WHITESPACE " "
L_PAREN "("
IDENTIFIER "String"
WHITESPACE " "
IDENTIFIER "s"
COLON ":"
WHITESPACE " "
R_PAREN ")"
WHITESPACE " "
L_BRACE "{"
R_BRACE "}"
WHITESPACE "\n    "
R_BRACE "}"
WHITESPACE "\n"
R_BRACE "}"
WHITESPACE "\n"

LEX_ERRORS:
<none>

SYNTAX_TREE:
ROOT
  CLASS_DECL
    CLASS_KW "class"
    WHITESPACE " "
    IDENTIFIER "Test"
    CLASS_BODY
      WHITESPACE " "
      L_BRACE "{"
      METHOD_DECL
        WHITESPACE "\n    "
        VOID_KW "void"
        WHITESPACE " "
        IDENTIFIER "func"
        FORMAL_PARAMETERS
          L_PAREN "("
          R_PAREN ")"
        BLOCK
          WHITESPACE " "
          L_BRACE "{"
          LOCAL_VARIABLE_DECLARATION_STMT
            LOCAL_VARIABLE_DECLARATION
              TYPE
                QUALIFIED_NAME
                  WHITESPACE "\n        "
                  IDENTIFIER "String"
                DIMENSIONS
                  DIMENSION
                    L_BRACKET "["
                    R_BRACKET "]"
              VARIABLE_DECLARATOR_LIST
                VARIABLE_DECLARATOR
                  WHITESPACE " "
                  IDENTIFIER "strings"
            SEMICOLON ";"
          ENHANCED_FOR_STMT
            WHITESPACE "\n        "
            FOR_KW "for"
            WHITESPACE " "
            L_PAREN "("
            TYPE
              QUALIFIED_NAME
                IDENTIFIER "String"
            VARIABLE_DECLARATOR
              WHITESPACE " "
              IDENTIFIER "s"
            COLON ":"
            WHITESPACE " "
            R_PAREN ")"
            BLOCK
              WHITESPACE " "
              L_BRACE "{"
              R_BRACE "}"
          WHITESPACE "\n    "
          R_BRACE "}"
      WHITESPACE "\n"
      R_BRACE "}"
  WHITESPACE "\n"
