---
source: crates/java-syntax/tests/parser_snapshots.rs
expression: out
---
SOURCE:
class A { int x; }
TOKENS:
CLASS_KW "class"
WHITESPACE " "
IDENTIFIER "A"
WHITESPACE " "
L_BRACE "{"
WHITESPACE " "
INT_KW "int"
WHITESPACE " "
IDENTIFIER "x"
SEMICOLON ";"
WHITESPACE " "
R_BRACE "}"
EOF ""

LEX_ERRORS:
<none>

SYNTAX_TREE:
ROOT@0..18
  CLASS_DECL@0..18
    CLASS_KW@0..5 "class"
    WHITESPACE@5..6 " "
    IDENTIFIER@6..7 "A"
    CLASS_BODY@7..18
      WHITESPACE@7..8 " "
      L_BRACE@8..9 "{"
      FIELD_DECL@9..16
        WHITESPACE@9..10 " "
        TYPE@10..13
          INT_KW@10..13 "int"
        VARIABLE_DECLARATOR_LIST@13..15
          WHITESPACE@13..14 " "
          VARIABLE_DECLARATOR@14..15
            IDENTIFIER@14..15 "x"
        SEMICOLON@15..16 ";"
      WHITESPACE@16..17 " "
      R_BRACE@17..18 "}"
