---
source: crates/java-syntax/tests/parser_snapshots.rs
expression: out
---
SOURCE:
enum E {}
TOKENS:
ENUM_KW "enum"
WHITESPACE " "
IDENTIFIER "E"
WHITESPACE " "
L_BRACE "{"
R_BRACE "}"

LEX_ERRORS:
<none>

SYNTAX_TREE:
ROOT
  ENUM_DECL
    MODIFIER_LIST
    ENUM_KW "enum"
    WHITESPACE " "
    IDENTIFIER "E"
    ENUM_BODY
      WHITESPACE " "
      L_BRACE "{"
      R_BRACE "}"
