---
source: crates/java-syntax/tests/parser_events.rs
expression: out
---
SOURCE:
interface A { <T> T func(); }

TOKENS:
INTERFACE_KW "interface"
WHITESPACE " "
IDENTIFIER "A"
WHITESPACE " "
L_BRACE "{"
WHITESPACE " "
LESS "<"
IDENTIFIER "T"
GREATER ">"
WHITESPACE " "
IDENTIFIER "T"
WHITESPACE " "
IDENTIFIER "func"
L_PAREN "("
R_PAREN ")"
SEMICOLON ";"
WHITESPACE " "
R_BRACE "}"


LEX_ERRORS:
<none>


EVENTS:
StartNode(ROOT, forward_parent=None)
StartNode(INTERFACE_DECL, forward_parent=None)
StartNode(MODIFIER_LIST, forward_parent=None)
FinishNode
AddToken
AddToken
StartNode(INTERFACE_BODY, forward_parent=None)
AddToken
StartNode(METHOD_DECL, forward_parent=None)
StartNode(MODIFIER_LIST, forward_parent=None)
FinishNode
StartNode(TYPE_PARAMETERS, forward_parent=None)
AddToken
StartNode(TYPE_PARAMETER, forward_parent=None)
AddToken
FinishNode
AddToken
FinishNode
StartNode(TYPE, forward_parent=None)
AddToken
Tombstone
FinishNode
AddToken
StartNode(FORMAL_PARAMETERS, forward_parent=None)
AddToken
AddToken
FinishNode
AddToken
FinishNode
AddToken
FinishNode
FinishNode
FinishNode


PARSE_ERRORS:
<none>
