---
source: crates/java-syntax/tests/parser_snapshots.rs
expression: out
---
SOURCE:
class A { int ; }
TOKENS:
CLASS_KW "class"
WHITESPACE " "
IDENTIFIER "A"
WHITESPACE " "
L_BRACE "{"
WHITESPACE " "
INT_KW "int"
WHITESPACE " "
SEMICOLON ";"
WHITESPACE " "
R_BRACE "}"

LEX_ERRORS:
<none>

SYNTAX_TREE:
ROOT
  CLASS_DECL
    CLASS_KW "class"
    WHITESPACE " "
    IDENTIFIER "A"
    CLASS_BODY
      WHITESPACE " "
      L_BRACE "{"
      FIELD_DECL
        TYPE
          WHITESPACE " "
          INT_KW "int"
        VARIABLE_DECLARATOR_LIST
          VARIABLE_DECLARATOR
            MISSING
        WHITESPACE " "
        SEMICOLON ";"
      WHITESPACE " "
      R_BRACE "}"
errors:
  ParseError { kind: ExpectedToken { expected: [IDENTIFIER, UNDERSCORE], found: Some(SEMICOLON) }, pos: 4 }
