---
source: crates/java-syntax/tests/parser_snapshots.rs
expression: out
---
SOURCE:
interface A { A() {} }
TOKENS:
INTERFACE_KW "interface"
WHITESPACE " "
IDENTIFIER "A"
WHITESPACE " "
L_BRACE "{"
WHITESPACE " "
IDENTIFIER "A"
L_PAREN "("
R_PAREN ")"
WHITESPACE " "
L_BRACE "{"
R_BRACE "}"
WHITESPACE " "
R_BRACE "}"

LEX_ERRORS:
<none>

SYNTAX_TREE:
ROOT
  INTERFACE_DECL
    MODIFIER_LIST
    INTERFACE_KW "interface"
    WHITESPACE " "
    IDENTIFIER "A"
    INTERFACE_BODY
      WHITESPACE " "
      L_BRACE "{"
      CONSTRUCTOR_DECL
        MODIFIER_LIST
        WHITESPACE " "
        IDENTIFIER "A"
        FORMAL_PARAMETERS
          L_PAREN "("
          R_PAREN ")"
        BLOCK
          WHITESPACE " "
          L_BRACE "{"
          R_BRACE "}"
      WHITESPACE " "
      R_BRACE "}"
