---
source: crates/java-syntax/tests/parser_snapshots.rs
expression: out
---
SOURCE:
class A {
    void func() {
        assert true: "failed";
    }
}

TOKENS:
CLASS_KW "class"
WHITESPACE " "
IDENTIFIER "A"
WHITESPACE " "
L_BRACE "{"
WHITESPACE "\n    "
VOID_KW "void"
WHITESPACE " "
IDENTIFIER "func"
L_PAREN "("
R_PAREN ")"
WHITESPACE " "
L_BRACE "{"
WHITESPACE "\n        "
ASSERT_KW "assert"
WHITESPACE " "
TRUE_LIT "true"
COLON ":"
WHITESPACE " "
STRING_LIT "\"failed\""
SEMICOLON ";"
WHITESPACE "\n    "
R_BRACE "}"
WHITESPACE "\n"
R_BRACE "}"
WHITESPACE "\n"

LEX_ERRORS:
<none>

SYNTAX_TREE:
ROOT
  CLASS_DECL
    CLASS_KW "class"
    WHITESPACE " "
    IDENTIFIER "A"
    CLASS_BODY
      WHITESPACE " "
      L_BRACE "{"
      METHOD_DECL
        WHITESPACE "\n    "
        VOID_KW "void"
        WHITESPACE " "
        IDENTIFIER "func"
        FORMAL_PARAMETERS
          L_PAREN "("
          R_PAREN ")"
        BLOCK
          WHITESPACE " "
          L_BRACE "{"
          ASSERT_STMT
            WHITESPACE "\n        "
            ASSERT_KW "assert"
            EXPRESSION
              WHITESPACE " "
              TRUE_LIT "true"
              COLON ":"
              WHITESPACE " "
              STRING_LIT "\"failed\""
            SEMICOLON ";"
          WHITESPACE "\n    "
          R_BRACE "}"
      WHITESPACE "\n"
      R_BRACE "}"
  WHITESPACE "\n"
