---
source: crates/java-syntax/tests/parser_snapshots.rs
expression: out
---
SOURCE:
class A { int x = 1; }
TOKENS:
CLASS_KW "class"
WHITESPACE " "
IDENTIFIER "A"
WHITESPACE " "
L_BRACE "{"
WHITESPACE " "
INT_KW "int"
WHITESPACE " "
IDENTIFIER "x"
WHITESPACE " "
EQUAL "="
WHITESPACE " "
NUMBER_LIT "1"
SEMICOLON ";"
WHITESPACE " "
R_BRACE "}"

LEX_ERRORS:
<none>

SYNTAX_TREE:
ROOT
  CLASS_DECL
    CLASS_KW "class"
    WHITESPACE " "
    IDENTIFIER "A"
    CLASS_BODY
      WHITESPACE " "
      L_BRACE "{"
      FIELD_DECL
        TYPE
          WHITESPACE " "
          INT_KW "int"
        VARIABLE_DECLARATOR_LIST
          VARIABLE_DECLARATOR
            WHITESPACE " "
            IDENTIFIER "x"
            WHITESPACE " "
            EQUAL "="
            LITERAL
              WHITESPACE " "
              NUMBER_LIT "1"
        SEMICOLON ";"
      WHITESPACE " "
      R_BRACE "}"
