---
source: crates/java-syntax/tests/parser_snapshots.rs
expression: out
---
SOURCE:
interface A { int X = 1; }
TOKENS:
INTERFACE_KW "interface"
WHITESPACE " "
IDENTIFIER "A"
WHITESPACE " "
L_BRACE "{"
WHITESPACE " "
INT_KW "int"
WHITESPACE " "
IDENTIFIER "X"
WHITESPACE " "
EQUAL "="
WHITESPACE " "
NUMBER_LIT "1"
SEMICOLON ";"
WHITESPACE " "
R_BRACE "}"

LEX_ERRORS:
<none>

SYNTAX_TREE:
ROOT
  INTERFACE_DECL
    MODIFIER_LIST
    INTERFACE_KW "interface"
    WHITESPACE " "
    IDENTIFIER "A"
    INTERFACE_BODY
      WHITESPACE " "
      L_BRACE "{"
      FIELD_DECL
        MODIFIER_LIST
        TYPE
          WHITESPACE " "
          INT_KW "int"
        VARIABLE_DECLARATOR_LIST
          VARIABLE_DECLARATOR
            WHITESPACE " "
            IDENTIFIER "X"
            WHITESPACE " "
            EQUAL "="
            ERROR
              WHITESPACE " "
              NUMBER_LIT "1"
        SEMICOLON ";"
      WHITESPACE " "
      R_BRACE "}"
