---
source: crates/java-syntax/tests/parser_snapshots.rs
expression: out
---
SOURCE:
class A { int[] a, b[]; }
TOKENS:
CLASS_KW "class"
WHITESPACE " "
IDENTIFIER "A"
WHITESPACE " "
L_BRACE "{"
WHITESPACE " "
INT_KW "int"
L_BRACKET "["
R_BRACKET "]"
WHITESPACE " "
IDENTIFIER "a"
COMMA ","
WHITESPACE " "
IDENTIFIER "b"
L_BRACKET "["
R_BRACKET "]"
SEMICOLON ";"
WHITESPACE " "
R_BRACE "}"

LEX_ERRORS:
<none>

SYNTAX_TREE:
ROOT
  CLASS_DECL
    MODIFIER_LIST
    CLASS_KW "class"
    WHITESPACE " "
    IDENTIFIER "A"
    CLASS_BODY
      WHITESPACE " "
      L_BRACE "{"
      FIELD_DECL
        MODIFIER_LIST
        TYPE
          WHITESPACE " "
          INT_KW "int"
          DIMENSIONS
            L_BRACKET "["
            R_BRACKET "]"
        VARIABLE_DECLARATOR_LIST
          VARIABLE_DECLARATOR
            WHITESPACE " "
            IDENTIFIER "a"
          COMMA ","
          VARIABLE_DECLARATOR
            WHITESPACE " "
            IDENTIFIER "b"
            DIMENSIONS
              L_BRACKET "["
              R_BRACKET "]"
        SEMICOLON ";"
      WHITESPACE " "
      R_BRACE "}"
