---
source: crates/java-syntax/tests/parser_snapshots.rs
expression: out
---
SOURCE:
class Test {
    void test() {
        int max = num1 > num2? num1 : num2;
    }
}

TOKENS:
CLASS_KW "class"
WHITESPACE " "
IDENTIFIER "Test"
WHITESPACE " "
L_BRACE "{"
WHITESPACE "\n    "
VOID_KW "void"
WHITESPACE " "
IDENTIFIER "test"
L_PAREN "("
R_PAREN ")"
WHITESPACE " "
L_BRACE "{"
WHITESPACE "\n        "
INT_KW "int"
WHITESPACE " "
IDENTIFIER "max"
WHITESPACE " "
EQUAL "="
WHITESPACE " "
IDENTIFIER "num1"
WHITESPACE " "
GREATER ">"
WHITESPACE " "
IDENTIFIER "num2"
QUESTION "?"
WHITESPACE " "
IDENTIFIER "num1"
WHITESPACE " "
COLON ":"
WHITESPACE " "
IDENTIFIER "num2"
SEMICOLON ";"
WHITESPACE "\n    "
R_BRACE "}"
WHITESPACE "\n"
R_BRACE "}"
WHITESPACE "\n"

LEX_ERRORS:
<none>

SYNTAX_TREE:
ROOT
  CLASS_DECL
    CLASS_KW "class"
    WHITESPACE " "
    IDENTIFIER "Test"
    CLASS_BODY
      WHITESPACE " "
      L_BRACE "{"
      METHOD_DECL
        WHITESPACE "\n    "
        VOID_KW "void"
        WHITESPACE " "
        IDENTIFIER "test"
        FORMAL_PARAMETERS
          L_PAREN "("
          R_PAREN ")"
        BLOCK
          WHITESPACE " "
          L_BRACE "{"
          LOCAL_VARIABLE_DECLARATION_STMT
            LOCAL_VARIABLE_DECLARATION
              TYPE
                WHITESPACE "\n        "
                INT_KW "int"
              VARIABLE_DECLARATOR_LIST
                VARIABLE_DECLARATOR
                  WHITESPACE " "
                  IDENTIFIER "max"
                  WHITESPACE " "
                  EQUAL "="
                  COND_EXPR
                    BINARY_EXPR
                      LITERAL
                        WHITESPACE " "
                        IDENTIFIER "num1"
                      WHITESPACE " "
                      GREATER ">"
                      LITERAL
                        WHITESPACE " "
                        IDENTIFIER "num2"
                    QUESTION "?"
                    LITERAL
                      WHITESPACE " "
                      IDENTIFIER "num1"
                    WHITESPACE " "
                    COLON ":"
                    LITERAL
                      WHITESPACE " "
                      IDENTIFIER "num2"
            SEMICOLON ";"
          WHITESPACE "\n    "
          R_BRACE "}"
      WHITESPACE "\n"
      R_BRACE "}"
  WHITESPACE "\n"
