---
source: crates/java-syntax/tests/parser_snapshots.rs
expression: out
---
SOURCE:
import static java.util.Collections.*;
TOKENS:
IMPORT_KW "import"
WHITESPACE " "
STATIC_KW "static"
WHITESPACE " "
IDENTIFIER "java"
DOT "."
IDENTIFIER "util"
DOT "."
IDENTIFIER "Collections"
DOT "."
STAR "*"
SEMICOLON ";"

LEX_ERRORS:
<none>

SYNTAX_TREE:
ROOT
  IMPORT_DECL
    IMPORT_KW "import"
    WHITESPACE " "
    STATIC_KW "static"
    IMPORT_PATH
      WHITESPACE " "
      IDENTIFIER "java"
      DOT "."
      IDENTIFIER "util"
      DOT "."
      IDENTIFIER "Collections"
      DOT "."
      STAR "*"
    SEMICOLON ";"
