---
source: crates/java-syntax/tests/parser_snapshots.rs
expression: out
---
SOURCE:
package a.b;
TOKENS:
PACKAGE_KW "package"
WHITESPACE " "
IDENTIFIER "a"
DOT "."
IDENTIFIER "b"
SEMICOLON ";"

LEX_ERRORS:
<none>

SYNTAX_TREE:
ROOT
  PACKAGE_DECL
    PACKAGE_KW "package"
    QUALIFIED_NAME
      WHITESPACE " "
      IDENTIFIER "a"
      DOT "."
      IDENTIFIER "b"
    SEMICOLON ";"
