---
source: crates/java-syntax/tests/parser_snapshots.rs
expression: out
---
SOURCE:
class A { ;;;;;; }
TOKENS:
CLASS_KW "class"
WHITESPACE " "
IDENTIFIER "A"
WHITESPACE " "
L_BRACE "{"
WHITESPACE " "
SEMICOLON ";"
SEMICOLON ";"
SEMICOLON ";"
SEMICOLON ";"
SEMICOLON ";"
SEMICOLON ";"
WHITESPACE " "
R_BRACE "}"

LEX_ERRORS:
<none>

SYNTAX_TREE:
ROOT
  CLASS_DECL
    MODIFIER_LIST
    CLASS_KW "class"
    WHITESPACE " "
    IDENTIFIER "A"
    CLASS_BODY
      WHITESPACE " "
      L_BRACE "{"
      EMPTY_DECL
        MODIFIER_LIST
        WHITESPACE " "
        SEMICOLON ";"
      EMPTY_DECL
        MODIFIER_LIST
        SEMICOLON ";"
      EMPTY_DECL
        MODIFIER_LIST
        SEMICOLON ";"
      EMPTY_DECL
        MODIFIER_LIST
        SEMICOLON ";"
      EMPTY_DECL
        MODIFIER_LIST
        SEMICOLON ";"
      EMPTY_DECL
        MODIFIER_LIST
        SEMICOLON ";"
      WHITESPACE " "
      R_BRACE "}"
