---
source: crates/java-syntax/tests/parser_snapshots.rs
expression: out
---
SOURCE:
class A { java.util.List<String> xs; }
TOKENS:
CLASS_KW "class"
WHITESPACE " "
IDENTIFIER "A"
WHITESPACE " "
L_BRACE "{"
WHITESPACE " "
IDENTIFIER "java"
DOT "."
IDENTIFIER "util"
DOT "."
IDENTIFIER "List"
LESS "<"
IDENTIFIER "String"
GREATER ">"
WHITESPACE " "
IDENTIFIER "xs"
SEMICOLON ";"
WHITESPACE " "
R_BRACE "}"

LEX_ERRORS:
<none>

SYNTAX_TREE:
ROOT
  CLASS_DECL
    MODIFIER_LIST
    CLASS_KW "class"
    WHITESPACE " "
    IDENTIFIER "A"
    CLASS_BODY
      WHITESPACE " "
      L_BRACE "{"
      FIELD_DECL
        MODIFIER_LIST
        TYPE
          WHITESPACE " "
          IDENTIFIER "java"
          DOT "."
          IDENTIFIER "util"
          DOT "."
          IDENTIFIER "List"
          TYPE_ARGUMENTS
            LESS "<"
            TYPE_ARGUMENT
              TYPE
                IDENTIFIER "String"
            GREATER ">"
        VARIABLE_DECLARATOR_LIST
          VARIABLE_DECLARATOR
            WHITESPACE " "
            IDENTIFIER "xs"
        SEMICOLON ";"
      WHITESPACE " "
      R_BRACE "}"
