---
source: crates/java-syntax/src/lexer.rs
expression: "lex_tokens(\"\\\\u0070ublic class Test {}\")"
---
[
    (
        PUBLIC_KW,
        "public",
    ),
    (
        WHITESPACE,
        " ",
    ),
    (
        CLASS_KW,
        "class",
    ),
    (
        WHITESPACE,
        " ",
    ),
    (
        IDENTIFIER,
        "Test",
    ),
    (
        WHITESPACE,
        " ",
    ),
    (
        L_BRACE,
        "{",
    ),
    (
        R_BRACE,
        "}",
    ),
]
