---
source: crates/java-syntax/src/lexer.rs
expression: lex_tokens(source)
---
[
    (
        TEXT_BLOCK_TEMPLATE_BEGIN,
        "\"\"\"\n  Line 1 \\{",
    ),
    (
        IDENTIFIER,
        "a",
    ),
    (
        TEXT_BLOCK_TEMPLATE_END,
        "}\n  Line 2\"\"\"",
    ),
    (
        WHITESPACE,
        "\n",
    ),
]
