---
source: crates/java-syntax/src/lexer.rs
expression: "lex_tokens(\"int x = 1;\\x1A\")"
---
[
    (
        INT_KW,
        "int",
    ),
    (
        WHITESPACE,
        " ",
    ),
    (
        IDENTIFIER,
        "x",
    ),
    (
        WHITESPACE,
        " ",
    ),
    (
        EQUAL,
        "=",
    ),
    (
        WHITESPACE,
        " ",
    ),
    (
        NUMBER_LIT,
        "1",
    ),
    (
        SEMICOLON,
        ";",
    ),
]
