---
source: crates/java-syntax/src/lexer.rs
expression: "lex_tokens(\"\\\"Outer \\\\{ \\\"Inner \\\\{x}\\\" }\\\"\")"
---
[
    (
        STRING_TEMPLATE_BEGIN,
        "\"Outer \\{",
    ),
    (
        WHITESPACE,
        " ",
    ),
    (
        STRING_TEMPLATE_BEGIN,
        "\"Inner \\{",
    ),
    (
        IDENTIFIER,
        "x",
    ),
    (
        STRING_TEMPLATE_END,
        "}\"",
    ),
    (
        WHITESPACE,
        " ",
    ),
    (
        STRING_TEMPLATE_END,
        "}\"",
    ),
]
