---
source: crates/java-syntax/src/lexer.rs
expression: "lex_tokens(\"$myVar _underscore value123\")"
---
[
    (
        IDENTIFIER,
        "$myVar",
    ),
    (
        WHITESPACE,
        " ",
    ),
    (
        IDENTIFIER,
        "_underscore",
    ),
    (
        WHITESPACE,
        " ",
    ),
    (
        IDENTIFIER,
        "value123",
    ),
]
