---
source: crates/java-syntax/src/lexer.rs
expression: "lex_tokens(\"String s = \\\"\\\\u005C\\\\u0022\\\";\")"
---
[
    (
        IDENTIFIER,
        "String",
    ),
    (
        WHITESPACE,
        " ",
    ),
    (
        IDENTIFIER,
        "s",
    ),
    (
        WHITESPACE,
        " ",
    ),
    (
        EQUAL,
        "=",
    ),
    (
        WHITESPACE,
        " ",
    ),
    (
        STRING_LIT,
        "\"\\\"\"",
    ),
    (
        SEMICOLON,
        ";",
    ),
]
