---
source: crates/java-syntax/src/lexer.rs
expression: "lex_tokens(\"char \\\\uuuu0061 = 'a';\")"
---
[
    (
        CHAR_KW,
        "char",
    ),
    (
        WHITESPACE,
        " ",
    ),
    (
        IDENTIFIER,
        "a",
    ),
    (
        WHITESPACE,
        " ",
    ),
    (
        EQUAL,
        "=",
    ),
    (
        WHITESPACE,
        " ",
    ),
    (
        CHAR_LIT,
        "'a'",
    ),
    (
        SEMICOLON,
        ";",
    ),
]
