---
source: crates/java-syntax/src/lexer.rs
expression: "lex_tokens(\"int /* comment */ x // line\")"
---
[
    (
        INT_KW,
        "int",
    ),
    (
        WHITESPACE,
        " ",
    ),
    (
        BLOCK_COMMENT,
        "/* comment */",
    ),
    (
        WHITESPACE,
        " ",
    ),
    (
        IDENTIFIER,
        "x",
    ),
    (
        WHITESPACE,
        " ",
    ),
    (
        LINE_COMMENT,
        "// line",
    ),
]
