---
source: crates/java-syntax/src/lexer.rs
expression: "lex_tokens(\"public static void main\")"
---
[
    (
        PUBLIC_KW,
        "public",
    ),
    (
        WHITESPACE,
        " ",
    ),
    (
        STATIC_KW,
        "static",
    ),
    (
        WHITESPACE,
        " ",
    ),
    (
        VOID_KW,
        "void",
    ),
    (
        WHITESPACE,
        " ",
    ),
    (
        IDENTIFIER,
        "main",
    ),
]
