---
source: crates/kotlin-syntax/tests/lexer_snapshots.rs
expression: out
---
SOURCE:
123
0xFFEE
0b1010
1.5
1e10
1.5f
123UL

TOKENS:
INTEGER_LITERAL "123"
NEWLINE "\n"
INTEGER_LITERAL "0xFFEE"
NEWLINE "\n"
INTEGER_LITERAL "0b1010"
NEWLINE "\n"
FLOAT_LITERAL "1.5"
NEWLINE "\n"
FLOAT_LITERAL "1e10"
NEWLINE "\n"
FLOAT_LITERAL "1.5f"
NEWLINE "\n"
INTEGER_LITERAL "123UL"
NEWLINE "\n"
EOF ""

LEX_ERRORS:
<none>
